******************************************************************************
            TI ARM Clang Linker PC v4.0.3                      
******************************************************************************
>> Linked Fri Jul  4 22:25:22 2025

OUTPUT FILE NAME:   <delay.out>
ENTRY POINT SYMBOL: "_c_int00_noinit_noargs"  address: 000002f9


MEMORY CONFIGURATION

         name            origin    length      used     unused   attr    fill
----------------------  --------  ---------  --------  --------  ----  --------
  FLASH                 00000000   00020000  00000388  0001fc78  R  X
  SRAM                  20200000   00008000  00000200  00007e00  RW X
  BCR_CONFIG            41c00000   000000ff  00000000  000000ff  R   
  BSL_CONFIG            41c00100   00000080  00000000  00000080  R   


SEGMENT ALLOCATION MAP

run origin  load origin   length   init length attrs members
----------  ----------- ---------- ----------- ----- -------
00000000    00000000    00000388   00000388    r-x
  00000000    00000000    000000c0   000000c0    r-- .intvecs
  000000c0    000000c0    000002a0   000002a0    r-x .text
  00000360    00000360    00000028   00000028    r-- .rodata
20207e00    20207e00    00000200   00000000    rw-
  20207e00    20207e00    00000200   00000000    rw- .stack


SECTION ALLOCATION MAP

 output                                  attributes/
section   page    origin      length       input sections
--------  ----  ----------  ----------   ----------------
.intvecs   0    00000000    000000c0     
                  00000000    000000c0     startup_mspm0g350x_ticlang.o (.intvecs)

.text      0    000000c0    000002a0     
                  000000c0    000000dc     driverlib.a : dl_sysctl_mspm0g1x0x_g3x0x.o (.text.DL_SYSCTL_configSYSPLL)
                  0000019c    00000064                 : dl_sysctl_mspm0g1x0x_g3x0x.o (.text.DL_SYSCTL_setHFCLKSourceHFXTParams)
                  00000200    00000064     ti_msp_dl_config.o (.text.SYSCFG_DL_SYSCTL_init)
                  00000264    00000044     driverlib.a : dl_sysctl_mspm0g1x0x_g3x0x.o (.text.DL_SYSCTL_switchMCLKfromSYSOSCtoHSCLK)
                  000002a8    0000002c     ti_msp_dl_config.o (.text.SYSCFG_DL_initPower)
                  000002d4    00000024     ti_msp_dl_config.o (.text.SYSCFG_DL_GPIO_init)
                  000002f8    00000020     libc.a : boot_cortex_m.c.obj (.text:_c_int00_noinit_noargs)
                  00000318    00000014     empty.o (.text.main)
                  0000032c    00000010     ti_msp_dl_config.o (.text.SYSCFG_DL_init)
                  0000033c    0000000a     driverlib.a : dl_common.o (.text.DL_Common_delayCycles)
                  00000346    00000006     libc.a : exit.c.obj (.text:abort)
                  0000034c    00000004     libsysbm.a : hostexit.c.obj (.text.HOSTexit)
                  00000350    00000004     startup_mspm0g350x_ticlang.o (.text.Reset_Handler)
                  00000354    00000004     libc.a : pre_init.c.obj (.text._system_pre_init)
                  00000358    00000002     startup_mspm0g350x_ticlang.o (.text.Default_Handler)
                  0000035a    00000006     --HOLE-- [fill = 0]

.cinit     0    00000000    00000000     

.rodata    0    00000360    00000028     
                  00000360    00000028     ti_msp_dl_config.o (.rodata.gSYSPLLConfig)

.init_array 
*          0    00000000    00000000     UNINITIALIZED

.binit     0    00000000    00000000     

.stack     0    20207e00    00000200     UNINITIALIZED
                  20207e00    00000004     libc.a : boot_cortex_m.c.obj (.stack)
                  20207e04    000001fc     --HOLE--

__llvm_prf_cnts 
*          0    20200000    00000000     UNINITIALIZED

__llvm_prf_bits 
*          0    20200000    00000000     UNINITIALIZED

MODULE SUMMARY

       Module                         code   ro data   rw data
       ------                         ----   -------   -------
    .\
       ti_msp_dl_config.o             196    40        0      
       startup_mspm0g350x_ticlang.o   6      192       0      
       empty.o                        20     0         0      
    +--+------------------------------+------+---------+---------+
       Total:                         222    232       0      
                                                              
    D:/CCSbuild/mspm0_sdk_2_05_00_05/source/ti/driverlib/lib/ticlang/m0p/mspm0g1x0x_g3x0x/driverlib.a
       dl_sysctl_mspm0g1x0x_g3x0x.o   388    0         0      
       dl_common.o                    10     0         0      
    +--+------------------------------+------+---------+---------+
       Total:                         398    0         0      
                                                              
    D:\CCSbuild\ccs\tools\compiler\ti-cgt-armllvm_4.0.3.LTS\lib\armv6m-ti-none-eabi/c/libc.a
       boot_cortex_m.c.obj            32     0         0      
       exit.c.obj                     6      0         0      
       pre_init.c.obj                 4      0         0      
    +--+------------------------------+------+---------+---------+
       Total:                         42     0         0      
                                                              
    D:\CCSbuild\ccs\tools\compiler\ti-cgt-armllvm_4.0.3.LTS\lib\armv6m-ti-none-eabi/c/libsysbm.a
       hostexit.c.obj                 4      0         0      
    +--+------------------------------+------+---------+---------+
       Total:                         4      0         0      
                                                              
       Stack:                         0      0         512    
    +--+------------------------------+------+---------+---------+
       Grand Total:                   666    232       512    


GLOBAL SYMBOLS: SORTED ALPHABETICALLY BY Name 

address   name                                 
-------   ----                                 
00000359  ADC0_IRQHandler                      
00000359  ADC1_IRQHandler                      
00000359  AES_IRQHandler                       
0000034c  C$$EXIT                              
00000359  CANFD0_IRQHandler                    
00000359  DAC0_IRQHandler                      
0000033d  DL_Common_delayCycles                
000000c1  DL_SYSCTL_configSYSPLL               
0000019d  DL_SYSCTL_setHFCLKSourceHFXTParams   
00000265  DL_SYSCTL_switchMCLKfromSYSOSCtoHSCLK
00000359  DMA_IRQHandler                       
00000359  Default_Handler                      
00000359  GROUP0_IRQHandler                    
00000359  GROUP1_IRQHandler                    
0000034d  HOSTexit                             
00000359  HardFault_Handler                    
00000359  I2C0_IRQHandler                      
00000359  I2C1_IRQHandler                      
00000359  NMI_Handler                          
00000359  PendSV_Handler                       
00000359  RTC_IRQHandler                       
00000351  Reset_Handler                        
00000359  SPI0_IRQHandler                      
00000359  SPI1_IRQHandler                      
00000359  SVC_Handler                          
000002d5  SYSCFG_DL_GPIO_init                  
00000201  SYSCFG_DL_SYSCTL_init                
0000032d  SYSCFG_DL_init                       
000002a9  SYSCFG_DL_initPower                  
00000359  SysTick_Handler                      
00000359  TIMA0_IRQHandler                     
00000359  TIMA1_IRQHandler                     
00000359  TIMG0_IRQHandler                     
00000359  TIMG12_IRQHandler                    
00000359  TIMG6_IRQHandler                     
00000359  TIMG7_IRQHandler                     
00000359  TIMG8_IRQHandler                     
00000359  UART0_IRQHandler                     
00000359  UART1_IRQHandler                     
00000359  UART2_IRQHandler                     
00000359  UART3_IRQHandler                     
20208000  __STACK_END                          
00000200  __STACK_SIZE                         
00000000  __TI_ATRegion0_region_sz             
00000000  __TI_ATRegion0_src_addr              
00000000  __TI_ATRegion0_trg_addr              
00000000  __TI_ATRegion1_region_sz             
00000000  __TI_ATRegion1_src_addr              
00000000  __TI_ATRegion1_trg_addr              
00000000  __TI_ATRegion2_region_sz             
00000000  __TI_ATRegion2_src_addr              
00000000  __TI_ATRegion2_trg_addr              
00000000  __TI_CINIT_Base                      
00000000  __TI_CINIT_Limit                     
00000000  __TI_CINIT_Warm                      
ffffffff  __TI_pprof_out_hndl                  
ffffffff  __TI_prof_data_size                  
ffffffff  __TI_prof_data_start                 
00000000  __TI_static_base__                   
ffffffff  __binit__                            
UNDEFED   __mpu_init                           
20207e00  __stack                              
20200000  __start___llvm_prf_bits              
20200000  __start___llvm_prf_cnts              
20200000  __stop___llvm_prf_bits               
20200000  __stop___llvm_prf_cnts               
000002f9  _c_int00_noinit_noargs               
00000355  _system_pre_init                     
00000347  abort                                
ffffffff  binit                                
00000000  interruptVectors                     
00000319  main                                 


GLOBAL SYMBOLS: SORTED BY Symbol Address 

address   name                                 
-------   ----                                 
00000000  __TI_ATRegion0_region_sz             
00000000  __TI_ATRegion0_src_addr              
00000000  __TI_ATRegion0_trg_addr              
00000000  __TI_ATRegion1_region_sz             
00000000  __TI_ATRegion1_src_addr              
00000000  __TI_ATRegion1_trg_addr              
00000000  __TI_ATRegion2_region_sz             
00000000  __TI_ATRegion2_src_addr              
00000000  __TI_ATRegion2_trg_addr              
00000000  __TI_CINIT_Base                      
00000000  __TI_CINIT_Limit                     
00000000  __TI_CINIT_Warm                      
00000000  __TI_static_base__                   
00000000  interruptVectors                     
000000c1  DL_SYSCTL_configSYSPLL               
0000019d  DL_SYSCTL_setHFCLKSourceHFXTParams   
00000200  __STACK_SIZE                         
00000201  SYSCFG_DL_SYSCTL_init                
00000265  DL_SYSCTL_switchMCLKfromSYSOSCtoHSCLK
000002a9  SYSCFG_DL_initPower                  
000002d5  SYSCFG_DL_GPIO_init                  
000002f9  _c_int00_noinit_noargs               
00000319  main                                 
0000032d  SYSCFG_DL_init                       
0000033d  DL_Common_delayCycles                
00000347  abort                                
0000034c  C$$EXIT                              
0000034d  HOSTexit                             
00000351  Reset_Handler                        
00000355  _system_pre_init                     
00000359  ADC0_IRQHandler                      
00000359  ADC1_IRQHandler                      
00000359  AES_IRQHandler                       
00000359  CANFD0_IRQHandler                    
00000359  DAC0_IRQHandler                      
00000359  DMA_IRQHandler                       
00000359  Default_Handler                      
00000359  GROUP0_IRQHandler                    
00000359  GROUP1_IRQHandler                    
00000359  HardFault_Handler                    
00000359  I2C0_IRQHandler                      
00000359  I2C1_IRQHandler                      
00000359  NMI_Handler                          
00000359  PendSV_Handler                       
00000359  RTC_IRQHandler                       
00000359  SPI0_IRQHandler                      
00000359  SPI1_IRQHandler                      
00000359  SVC_Handler                          
00000359  SysTick_Handler                      
00000359  TIMA0_IRQHandler                     
00000359  TIMA1_IRQHandler                     
00000359  TIMG0_IRQHandler                     
00000359  TIMG12_IRQHandler                    
00000359  TIMG6_IRQHandler                     
00000359  TIMG7_IRQHandler                     
00000359  TIMG8_IRQHandler                     
00000359  UART0_IRQHandler                     
00000359  UART1_IRQHandler                     
00000359  UART2_IRQHandler                     
00000359  UART3_IRQHandler                     
20200000  __start___llvm_prf_bits              
20200000  __start___llvm_prf_cnts              
20200000  __stop___llvm_prf_bits               
20200000  __stop___llvm_prf_cnts               
20207e00  __stack                              
20208000  __STACK_END                          
ffffffff  __TI_pprof_out_hndl                  
ffffffff  __TI_prof_data_size                  
ffffffff  __TI_prof_data_start                 
ffffffff  __binit__                            
ffffffff  binit                                
UNDEFED   __mpu_init                           

[72 symbols]
